00:53:59 [eiie] training seed 0
/home/user/ZB-improvements/src/enhancements/train.py:94: UserWarning: Converting a tensor with requires_grad=True to a scalar may lead to unexpected behavior.
Consider using tensor.detach() first. (Triggered internally at /__w/pytorch/pytorch/torch/csrc/autograd/generated/python_variable_methods.cpp:820.)
  hist.append((step, float(loss)))
00:54:01   step      0 loss -0.000364 (0s)
00:54:08   step   2000 loss +0.000410 (8s)
00:54:16   step   4000 loss -0.000158 (16s)
00:54:24   step   6000 loss -0.000085 (23s)
00:54:32   step   8000 loss -0.000497 (31s)
00:54:39   step  10000 loss +0.000489 (39s)
00:54:47   step  12000 loss +0.000338 (47s)
00:54:55   step  14000 loss +0.000100 (55s)
00:55:04   step  16000 loss +0.000828 (63s)
00:55:11   step  18000 loss +0.000530 (71s)
00:55:20   step  20000 loss +0.000450 (80s)
00:55:28   step  22000 loss -0.000647 (88s)
00:55:37   step  24000 loss -0.000503 (96s)
00:55:45   step  26000 loss +0.000355 (105s)
00:55:53   step  28000 loss -0.000563 (113s)
00:56:00   step  30000 loss -0.000642 (120s)
00:56:09   step  32000 loss -0.000306 (128s)
00:56:17   step  34000 loss +0.000004 (136s)
00:56:25   step  36000 loss +0.000325 (144s)
00:56:33   step  38000 loss +0.001695 (152s)
00:56:41   step  40000 loss +0.000248 (160s)
00:56:49   step  42000 loss +0.001375 (169s)
00:56:57   step  44000 loss -0.000194 (177s)
00:57:05   step  46000 loss +0.000359 (185s)
00:57:14   step  48000 loss -0.000129 (193s)
00:57:22   step  50000 loss -0.000395 (201s)
00:57:29   step  52000 loss +0.000105 (209s)
00:57:37   step  54000 loss -0.000394 (217s)
00:57:46   step  56000 loss -0.000255 (225s)
00:57:53   step  58000 loss +0.000292 (233s)
00:58:01   step  60000 loss -0.000568 (241s)
00:58:09   step  62000 loss -0.000403 (248s)
00:58:17   step  64000 loss +0.000414 (256s)
00:58:25   step  66000 loss -0.000432 (264s)
00:58:33   step  68000 loss -0.000515 (272s)
00:58:41   step  70000 loss -0.000225 (280s)
00:58:49   step  72000 loss +0.000744 (288s)
00:58:57   step  74000 loss +0.000839 (297s)
00:59:05   step  76000 loss +0.002136 (304s)
00:59:13   step  78000 loss +0.000029 (312s)
00:59:20   step  79999 loss +0.000178 (320s)
00:59:29 [eiie] training seed 1
00:59:30   step      0 loss +0.000305 (0s)
00:59:37   step   2000 loss +0.000165 (7s)
00:59:45   step   4000 loss +0.000743 (16s)
00:59:54   step   6000 loss +0.000406 (24s)
01:00:02   step   8000 loss +0.000411 (32s)
01:00:10   step  10000 loss +0.002883 (41s)
01:00:18   step  12000 loss +0.000407 (48s)
01:00:26   step  14000 loss +0.000945 (56s)
01:00:33   step  16000 loss +0.000696 (64s)
01:00:41   step  18000 loss -0.000049 (72s)
01:00:49   step  20000 loss -0.000218 (80s)
01:00:57   step  22000 loss +0.000242 (87s)
01:01:04   step  24000 loss -0.000873 (95s)
01:01:12   step  26000 loss +0.000357 (102s)
01:01:20   step  28000 loss -0.000360 (110s)
01:01:28   step  30000 loss -0.000563 (118s)
01:01:35   step  32000 loss -0.000233 (126s)
01:01:43   step  34000 loss +0.000444 (134s)
01:01:51   step  36000 loss -0.000892 (141s)
01:01:59   step  38000 loss -0.000147 (149s)
01:02:06   step  40000 loss -0.001302 (157s)
01:02:14   step  42000 loss +0.002969 (164s)
01:02:21   step  44000 loss +0.000501 (171s)
01:02:29   step  46000 loss -0.000239 (179s)
01:02:37   step  48000 loss +0.000050 (187s)
01:02:45   step  50000 loss -0.000036 (195s)
01:02:53   step  52000 loss +0.000077 (203s)
01:03:01   step  54000 loss -0.000540 (211s)
01:03:08   step  56000 loss +0.000205 (219s)
01:03:16   step  58000 loss +0.000520 (226s)
01:03:24   step  60000 loss -0.001502 (234s)
01:03:31   step  62000 loss -0.000322 (242s)
01:03:39   step  64000 loss -0.000094 (250s)
01:03:47   step  66000 loss -0.000398 (258s)
01:03:55   step  68000 loss -0.001094 (266s)
01:04:03   step  70000 loss +0.000078 (273s)
01:04:11   step  72000 loss -0.001659 (281s)
01:04:19   step  74000 loss -0.000161 (289s)
01:04:26   step  76000 loss +0.001734 (297s)
01:04:34   step  78000 loss -0.001065 (305s)
01:04:41   step  79999 loss -0.000447 (312s)
01:04:51 [eiie] training seed 2
01:04:51   step      0 loss -0.000037 (0s)
01:04:59   step   2000 loss +0.000903 (8s)
01:05:07   step   4000 loss +0.000168 (16s)
01:05:14   step   6000 loss +0.000545 (23s)
01:05:21   step   8000 loss +0.000002 (30s)
01:05:29   step  10000 loss -0.000374 (38s)
01:05:37   step  12000 loss +0.000319 (46s)
01:05:44   step  14000 loss -0.000155 (53s)
01:05:52   step  16000 loss +0.000090 (61s)
01:06:00   step  18000 loss -0.000457 (69s)
01:06:08   step  20000 loss +0.000045 (77s)
01:06:15   step  22000 loss +0.000348 (84s)
01:06:23   step  24000 loss +0.000362 (92s)
01:06:31   step  26000 loss -0.000718 (100s)
01:06:39   step  28000 loss -0.000012 (108s)
01:06:46   step  30000 loss -0.000114 (115s)
01:06:54   step  32000 loss +0.000212 (123s)
01:07:01   step  34000 loss +0.000364 (130s)
01:07:09   step  36000 loss +0.000817 (138s)
01:07:16   step  38000 loss +0.000033 (145s)
01:07:24   step  40000 loss +0.000070 (153s)
01:07:32   step  42000 loss +0.000347 (161s)
01:07:39   step  44000 loss +0.000636 (168s)
01:07:47   step  46000 loss -0.001083 (176s)
01:07:55   step  48000 loss +0.000315 (184s)
01:08:03   step  50000 loss -0.000307 (192s)
01:08:10   step  52000 loss -0.000532 (199s)
01:08:19   step  54000 loss +0.000112 (208s)
01:08:27   step  56000 loss +0.000384 (216s)
01:08:34   step  58000 loss -0.000061 (223s)
01:08:42   step  60000 loss -0.001568 (231s)
01:08:50   step  62000 loss +0.000009 (239s)
01:08:58   step  64000 loss +0.002006 (247s)
01:09:06   step  66000 loss -0.000245 (255s)
01:09:13   step  68000 loss +0.000221 (262s)
01:09:21   step  70000 loss +0.000549 (270s)
01:09:28   step  72000 loss +0.000046 (277s)
01:09:36   step  74000 loss +0.000340 (285s)
01:09:44   step  76000 loss -0.000050 (293s)
01:09:51   step  78000 loss +0.000011 (300s)
01:09:59   step  79999 loss +0.000141 (308s)
01:10:09 [eiie] selected seed 0: [{'seed': 0, 'fapv': 1.9966838359832764, 'sharpe': 1.3552344111618955, 'turnover': 0.00220577955617504}, {'seed': 1, 'fapv': 1.7964153289794922, 'sharpe': 1.2290530125723051, 'turnover': 1.9509689045283548e-10}, {'seed': 2, 'fapv': 2.004995584487915, 'sharpe': 1.3466245472967033, 'turnover': 0.002167441857646931}]
