00:56:03 [eiie_costblind] training seed 0
/home/user/ZB-improvements/src/enhancements/train.py:94: UserWarning: Converting a tensor with requires_grad=True to a scalar may lead to unexpected behavior.
Consider using tensor.detach() first. (Triggered internally at /__w/pytorch/pytorch/torch/csrc/autograd/generated/python_variable_methods.cpp:820.)
  hist.append((step, float(loss)))
00:56:04   step      0 loss -0.000378 (0s)
00:56:13   step   2000 loss +0.000419 (9s)
00:56:21   step   4000 loss -0.000166 (17s)
00:56:29   step   6000 loss -0.000094 (25s)
00:56:37   step   8000 loss -0.000484 (33s)
00:56:45   step  10000 loss +0.000511 (41s)
00:56:53   step  12000 loss +0.000361 (49s)
00:57:01   step  14000 loss +0.000105 (57s)
00:57:10   step  16000 loss +0.000853 (65s)
00:57:17   step  18000 loss +0.000561 (73s)
00:57:25   step  20000 loss +0.000479 (81s)
00:57:33   step  22000 loss -0.000710 (89s)
00:57:41   step  24000 loss -0.000545 (97s)
00:57:49   step  26000 loss +0.000386 (105s)
00:57:57   step  28000 loss -0.000618 (113s)
00:58:05   step  30000 loss -0.000673 (121s)
00:58:13   step  32000 loss -0.000346 (129s)
00:58:21   step  34000 loss +0.000001 (137s)
00:58:29   step  36000 loss +0.000377 (145s)
00:58:37   step  38000 loss +0.001757 (153s)
00:58:45   step  40000 loss +0.000264 (161s)
00:58:54   step  42000 loss +0.001494 (170s)
00:59:02   step  44000 loss -0.000203 (178s)
00:59:09   step  46000 loss +0.000389 (185s)
00:59:17   step  48000 loss -0.000150 (193s)
00:59:25   step  50000 loss -0.000406 (201s)
00:59:33   step  52000 loss +0.000106 (209s)
00:59:40   step  54000 loss -0.000380 (216s)
00:59:48   step  56000 loss -0.000240 (224s)
00:59:57   step  58000 loss +0.000291 (232s)
01:00:05   step  60000 loss -0.000700 (241s)
01:00:13   step  62000 loss -0.000817 (249s)
01:00:21   step  64000 loss +0.000418 (257s)
01:00:29   step  66000 loss -0.000449 (265s)
01:00:36   step  68000 loss -0.000552 (272s)
01:00:44   step  70000 loss -0.000242 (280s)
01:00:52   step  72000 loss +0.000721 (288s)
01:01:00   step  74000 loss +0.000804 (296s)
01:01:07   step  76000 loss +0.001698 (303s)
01:01:15   step  78000 loss +0.000127 (310s)
01:01:23   step  79999 loss +0.000192 (318s)
01:01:32 [eiie_costblind] training seed 1
01:01:32   step      0 loss +0.000302 (0s)
01:01:39   step   2000 loss +0.000161 (7s)
01:01:47   step   4000 loss +0.000738 (15s)
01:01:55   step   6000 loss +0.000401 (23s)
01:02:03   step   8000 loss +0.000405 (31s)
01:02:11   step  10000 loss +0.002862 (39s)
01:02:18   step  12000 loss +0.000402 (46s)
01:02:26   step  14000 loss +0.000935 (54s)
01:02:34   step  16000 loss +0.000691 (62s)
01:02:42   step  18000 loss -0.000051 (70s)
01:02:50   step  20000 loss -0.000220 (78s)
01:02:58   step  22000 loss +0.000239 (86s)
01:03:05   step  24000 loss -0.000879 (93s)
01:03:13   step  26000 loss +0.000353 (101s)
01:03:20   step  28000 loss -0.000367 (109s)
01:03:28   step  30000 loss -0.000570 (116s)
01:03:36   step  32000 loss -0.000237 (124s)
01:03:43   step  34000 loss +0.000440 (132s)
01:03:51   step  36000 loss -0.000899 (139s)
01:03:59   step  38000 loss -0.000151 (147s)
01:04:08   step  40000 loss -0.001311 (156s)
01:04:15   step  42000 loss +0.002971 (163s)
01:04:23   step  44000 loss +0.000499 (171s)
01:04:31   step  46000 loss -0.000245 (179s)
01:04:39   step  48000 loss +0.000042 (187s)
01:04:47   step  50000 loss -0.000038 (195s)
01:04:55   step  52000 loss +0.000074 (203s)
01:05:03   step  54000 loss -0.000545 (211s)
01:05:11   step  56000 loss +0.000203 (219s)
01:05:19   step  58000 loss +0.000518 (227s)
01:05:27   step  60000 loss -0.001515 (235s)
01:05:35   step  62000 loss -0.000328 (243s)
01:05:42   step  64000 loss -0.000097 (250s)
01:05:50   step  66000 loss -0.000409 (258s)
01:05:57   step  68000 loss -0.001106 (265s)
01:06:06   step  70000 loss +0.000072 (274s)
01:06:13   step  72000 loss -0.001676 (281s)
01:06:21   step  74000 loss -0.000168 (289s)
01:06:29   step  76000 loss +0.001736 (297s)
01:06:36   step  78000 loss -0.001079 (304s)
01:06:44   step  79999 loss -0.000452 (312s)
01:06:54 [eiie_costblind] training seed 2
01:06:54   step      0 loss -0.000044 (0s)
01:07:01   step   2000 loss +0.000905 (8s)
01:07:08   step   4000 loss +0.000168 (15s)
01:07:16   step   6000 loss +0.000552 (22s)
01:07:23   step   8000 loss -0.000000 (30s)
01:07:31   step  10000 loss -0.000391 (37s)
01:07:38   step  12000 loss +0.000329 (44s)
01:07:46   step  14000 loss -0.000164 (52s)
01:07:54   step  16000 loss +0.000088 (60s)
01:08:01   step  18000 loss -0.000486 (67s)
01:08:09   step  20000 loss +0.000046 (75s)
01:08:17   step  22000 loss +0.000372 (83s)
01:08:25   step  24000 loss +0.000379 (91s)
01:08:33   step  26000 loss -0.000766 (99s)
01:08:41   step  28000 loss -0.000015 (107s)
01:08:49   step  30000 loss -0.000179 (115s)
01:08:57   step  32000 loss +0.000212 (123s)
01:09:04   step  34000 loss +0.000384 (131s)
01:09:12   step  36000 loss +0.000880 (138s)
01:09:19   step  38000 loss +0.000032 (146s)
01:09:27   step  40000 loss +0.000078 (153s)
01:09:35   step  42000 loss +0.000361 (161s)
01:09:42   step  44000 loss +0.000660 (169s)
01:09:50   step  46000 loss -0.001163 (176s)
01:09:58   step  48000 loss +0.000333 (184s)
01:10:05   step  50000 loss -0.000331 (192s)
01:10:13   step  52000 loss -0.000555 (199s)
01:10:21   step  54000 loss +0.000100 (208s)
01:10:29   step  56000 loss +0.000380 (215s)
01:10:37   step  58000 loss -0.000052 (223s)
01:10:45   step  60000 loss -0.001677 (231s)
01:10:52   step  62000 loss -0.000043 (239s)
01:11:01   step  64000 loss +0.002109 (247s)
01:11:09   step  66000 loss -0.000247 (255s)
01:11:17   step  68000 loss +0.000232 (263s)
01:11:25   step  70000 loss +0.000478 (271s)
01:11:33   step  72000 loss +0.000002 (279s)
01:11:40   step  74000 loss +0.000305 (286s)
01:11:48   step  76000 loss -0.000120 (294s)
01:11:56   step  78000 loss -0.000011 (303s)
01:12:04   step  79999 loss +0.000281 (311s)
01:12:14 [eiie_costblind] selected seed 1: [{'seed': 0, 'fapv': 0.0066654738038778305, 'sharpe': -6.136644104446367, 'turnover': 0.1362395471544532}, {'seed': 1, 'fapv': 1.800228238105774, 'sharpe': 1.2294820018376804, 'turnover': 6.361855123462026e-11}, {'seed': 2, 'fapv': 0.007274751551449299, 'sharpe': -6.026887447445665, 'turnover': 0.1336017128188464}]
