01:13:05 [ls_free_1.5] seed 0
/home/user/ZB-improvements/src/enhancements/train.py:94: UserWarning: Converting a tensor with requires_grad=True to a scalar may lead to unexpected behavior.
Consider using tensor.detach() first. (Triggered internally at /__w/pytorch/pytorch/torch/csrc/autograd/generated/python_variable_methods.cpp:820.)
  hist.append((step, float(loss)))
01:13:06   step      0 loss +0.000765 (0s)
01:13:15   step   2000 loss +0.000641 (9s)
01:13:24   step   4000 loss -0.000259 (18s)
01:13:33   step   6000 loss -0.000134 (27s)
01:13:41   step   8000 loss +0.000864 (35s)
01:13:50   step  10000 loss -0.000775 (44s)
01:13:59   step  12000 loss -0.000527 (53s)
01:14:09   step  14000 loss -0.000145 (62s)
01:14:18   step  16000 loss +0.001431 (72s)
01:14:27   step  18000 loss +0.000906 (81s)
01:14:36   step  20000 loss +0.000783 (90s)
01:14:45   step  22000 loss -0.001036 (99s)
01:14:53   step  24000 loss -0.000830 (107s)
01:15:03   step  26000 loss +0.000602 (117s)
01:15:13   step  28000 loss -0.000900 (126s)
01:15:22   step  30000 loss -0.001033 (136s)
01:15:31   step  32000 loss -0.000502 (145s)
01:15:40   step  34000 loss +0.000009 (154s)
01:15:50   step  36000 loss +0.000566 (164s)
01:15:59   step  38000 loss +0.002852 (173s)
01:16:09   step  40000 loss +0.000416 (182s)
01:16:18   step  42000 loss +0.002300 (192s)
01:16:27   step  44000 loss -0.000311 (201s)
01:16:36   step  46000 loss +0.000602 (210s)
01:16:45   step  48000 loss -0.000204 (219s)
01:16:54   step  50000 loss -0.000627 (228s)
01:17:03   step  52000 loss +0.000175 (237s)
01:17:13   step  54000 loss -0.000624 (246s)
01:17:22   step  56000 loss -0.000398 (256s)
01:17:31   step  58000 loss +0.000483 (265s)
01:17:40   step  59999 loss +0.000150 (274s)
01:17:51 [ls_free_1.5] seed 1
01:17:51   step      0 loss -0.000460 (0s)
01:18:00   step   2000 loss -0.000120 (9s)
01:18:09   step   4000 loss -0.000187 (18s)
01:18:18   step   6000 loss +0.000004 (27s)
01:18:27   step   8000 loss +0.000067 (36s)
01:18:37   step  10000 loss +0.000852 (45s)
01:18:46   step  12000 loss +0.000214 (55s)
01:18:56   step  14000 loss +0.000613 (65s)
01:19:05   step  16000 loss +0.000452 (74s)
01:19:14   step  18000 loss -0.000043 (82s)
01:19:23   step  20000 loss -0.000163 (91s)
01:19:31   step  22000 loss +0.000193 (100s)
01:19:41   step  24000 loss -0.000819 (110s)
01:19:50   step  26000 loss +0.000338 (119s)
01:19:59   step  28000 loss -0.000360 (128s)
01:20:08   step  30000 loss -0.000623 (136s)
01:20:17   step  32000 loss -0.000259 (146s)
01:20:26   step  34000 loss +0.000532 (154s)
01:20:35   step  36000 loss -0.001074 (164s)
01:20:44   step  38000 loss -0.000175 (173s)
01:20:53   step  40000 loss -0.001619 (182s)
01:21:02   step  42000 loss +0.004034 (191s)
01:21:11   step  44000 loss +0.000640 (200s)
01:21:20   step  46000 loss -0.000329 (209s)
01:21:29   step  48000 loss +0.000092 (218s)
01:21:38   step  50000 loss -0.000050 (227s)
01:21:47   step  52000 loss +0.000111 (236s)
01:21:56   step  54000 loss -0.000799 (245s)
01:22:06   step  56000 loss +0.000325 (254s)
01:22:15   step  58000 loss +0.000768 (264s)
01:22:24   step  59999 loss -0.000850 (273s)
01:22:36 [ls_neutral_1.5] seed 0
01:22:36   step      0 loss +0.000007 (0s)
01:22:45   step   2000 loss +0.000000 (9s)
