01:13:05 [ls_free_1.0] seed 0
/home/user/ZB-improvements/src/enhancements/train.py:94: UserWarning: Converting a tensor with requires_grad=True to a scalar may lead to unexpected behavior.
Consider using tensor.detach() first. (Triggered internally at /__w/pytorch/pytorch/torch/csrc/autograd/generated/python_variable_methods.cpp:820.)
  hist.append((step, float(loss)))
01:13:06   step      0 loss -0.000403 (0s)
01:13:15   step   2000 loss +0.000459 (9s)
01:13:24   step   4000 loss -0.000176 (17s)
01:13:32   step   6000 loss -0.000095 (26s)
01:13:41   step   8000 loss -0.000513 (35s)
01:13:50   step  10000 loss +0.000550 (43s)
01:13:59   step  12000 loss +0.000387 (52s)
01:14:08   step  14000 loss +0.000113 (62s)
01:14:17   step  16000 loss +0.000743 (71s)
01:14:27   step  18000 loss +0.000434 (81s)
01:14:36   step  20000 loss +0.000451 (90s)
01:14:45   step  22000 loss -0.000704 (98s)
01:14:54   step  24000 loss -0.000554 (107s)
01:15:03   step  26000 loss +0.000398 (117s)
01:15:13   step  28000 loss -0.000616 (127s)
01:15:22   step  30000 loss -0.000693 (136s)
01:15:31   step  32000 loss -0.000338 (145s)
01:15:40   step  34000 loss +0.000005 (154s)
01:15:50   step  36000 loss +0.000371 (163s)
01:15:59   step  38000 loss +0.001865 (173s)
01:16:09   step  40000 loss +0.000239 (182s)
01:16:18   step  42000 loss +0.001456 (191s)
01:16:27   step  44000 loss -0.000202 (200s)
01:16:36   step  46000 loss +0.000398 (209s)
01:16:44   step  48000 loss -0.000111 (218s)
01:16:53   step  50000 loss -0.000382 (227s)
01:17:03   step  52000 loss +0.000115 (236s)
01:17:12   step  54000 loss -0.000418 (245s)
01:17:21   step  56000 loss -0.000269 (255s)
01:17:30   step  58000 loss +0.000317 (264s)
01:17:39   step  59999 loss +0.000097 (273s)
01:17:51 [ls_free_1.0] seed 1
01:17:51   step      0 loss -0.000312 (0s)
01:18:01   step   2000 loss -0.000161 (9s)
01:18:09   step   4000 loss -0.000773 (18s)
01:18:18   step   6000 loss -0.000377 (27s)
01:18:27   step   8000 loss -0.000415 (36s)
01:18:37   step  10000 loss -0.001531 (46s)
01:18:47   step  12000 loss -0.000393 (56s)
01:18:57   step  14000 loss -0.000951 (65s)
01:19:06   step  16000 loss -0.000705 (74s)
01:19:14   step  18000 loss +0.000068 (83s)
01:19:23   step  20000 loss +0.000265 (91s)
01:19:32   step  22000 loss -0.000135 (100s)
01:19:41   step  24000 loss +0.000211 (110s)
01:19:50   step  26000 loss -0.000010 (119s)
01:19:59   step  28000 loss -0.000040 (128s)
01:20:08   step  30000 loss -0.000178 (137s)
01:20:17   step  32000 loss -0.000093 (145s)
01:20:26   step  34000 loss +0.000249 (154s)
01:20:34   step  36000 loss -0.000600 (163s)
01:20:44   step  38000 loss -0.000110 (172s)
01:20:52   step  40000 loss -0.001123 (181s)
01:21:01   step  42000 loss +0.003065 (189s)
01:21:10   step  44000 loss +0.000515 (198s)
01:21:18   step  46000 loss -0.000264 (207s)
01:21:28   step  48000 loss +0.000059 (216s)
01:21:36   step  50000 loss -0.000040 (225s)
01:21:45   step  52000 loss +0.000086 (234s)
01:21:54   step  54000 loss -0.000597 (243s)
01:22:03   step  56000 loss +0.000228 (252s)
01:22:12   step  58000 loss +0.000575 (261s)
01:22:21   step  59999 loss -0.000642 (270s)
01:22:33 [ls_free_3.0] seed 0
01:22:33   step      0 loss -0.000445 (0s)
01:22:42   step   2000 loss +0.000752 (9s)
01:22:51   step   4000 loss -0.000219 (17s)
